// Jest Snapshot v1, https://goo.gl/fbAQLP

exports[`should convert with prev/next/inverse 1`] = `
Array [
  Object {
    "boundary": false,
    "face": 0,
    "id": 0,
    "inverse": 5,
    "manifold": true,
    "next": 1,
    "prev": 2,
    "target": 1,
  },
  Object {
    "boundary": true,
    "face": 0,
    "id": 1,
    "inverse": null,
    "manifold": true,
    "next": 2,
    "prev": 0,
    "target": 2,
  },
  Object {
    "boundary": true,
    "face": 0,
    "id": 2,
    "inverse": null,
    "manifold": true,
    "next": 0,
    "prev": 1,
    "target": 0,
  },
  Object {
    "boundary": false,
    "face": 1,
    "id": 3,
    "inverse": 11,
    "manifold": true,
    "next": 4,
    "prev": 5,
    "target": 4,
  },
  Object {
    "boundary": false,
    "face": 1,
    "id": 4,
    "inverse": 6,
    "manifold": true,
    "next": 5,
    "prev": 3,
    "target": 1,
  },
  Object {
    "boundary": false,
    "face": 1,
    "id": 5,
    "inverse": 0,
    "manifold": false,
    "next": 3,
    "prev": 4,
    "target": 0,
  },
  Object {
    "boundary": false,
    "face": 2,
    "id": 6,
    "inverse": 4,
    "manifold": false,
    "next": 7,
    "prev": 8,
    "target": 4,
  },
  Object {
    "boundary": true,
    "face": 2,
    "id": 7,
    "inverse": null,
    "manifold": true,
    "next": 8,
    "prev": 6,
    "target": 3,
  },
  Object {
    "boundary": true,
    "face": 2,
    "id": 8,
    "inverse": null,
    "manifold": true,
    "next": 6,
    "prev": 7,
    "target": 1,
  },
  Object {
    "boundary": true,
    "face": 3,
    "id": 9,
    "inverse": null,
    "manifold": true,
    "next": 10,
    "prev": 11,
    "target": 5,
  },
  Object {
    "boundary": undefined,
    "face": 3,
    "id": 10,
    "inverse": null,
    "manifold": undefined,
    "next": 11,
    "prev": 9,
    "target": 4,
  },
  Object {
    "boundary": false,
    "face": 3,
    "id": 11,
    "inverse": 3,
    "manifold": false,
    "next": 9,
    "prev": 10,
    "target": 0,
  },
]
`;

exports[`should match snapshots 1`] = `
Object {
  "edges": Array [
    Object {
      "face": 0,
      "id": 0,
      "inverse": undefined,
      "next": 1,
      "prev": 2,
      "target": 0,
    },
    Object {
      "face": 0,
      "id": 1,
      "inverse": undefined,
      "next": 2,
      "prev": 0,
      "target": 2,
    },
    Object {
      "face": 0,
      "id": 2,
      "inverse": undefined,
      "next": 0,
      "prev": 1,
      "target": 1,
    },
    Object {
      "face": 1,
      "id": 3,
      "inverse": 10,
      "next": 4,
      "prev": 5,
      "target": 4,
    },
    Object {
      "face": 1,
      "id": 4,
      "inverse": undefined,
      "next": 5,
      "prev": 3,
      "target": 6,
    },
    Object {
      "face": 1,
      "id": 5,
      "inverse": 18,
      "next": 3,
      "prev": 4,
      "target": 5,
    },
    Object {
      "face": 2,
      "id": 6,
      "inverse": 9,
      "next": 7,
      "prev": 8,
      "target": 9,
    },
    Object {
      "face": 2,
      "id": 7,
      "inverse": 12,
      "next": 8,
      "prev": 6,
      "target": 3,
    },
    Object {
      "face": 2,
      "id": 8,
      "inverse": undefined,
      "next": 6,
      "prev": 7,
      "target": 4,
    },
    Object {
      "face": 3,
      "id": 9,
      "inverse": 6,
      "next": 10,
      "prev": 11,
      "target": 4,
    },
    Object {
      "face": 3,
      "id": 10,
      "inverse": 3,
      "next": 11,
      "prev": 9,
      "target": 5,
    },
    Object {
      "face": 3,
      "id": 11,
      "inverse": 20,
      "next": 9,
      "prev": 10,
      "target": 9,
    },
    Object {
      "face": 4,
      "id": 12,
      "inverse": 7,
      "next": 13,
      "prev": 14,
      "target": 9,
    },
    Object {
      "face": 4,
      "id": 13,
      "inverse": 22,
      "next": 14,
      "prev": 12,
      "target": 8,
    },
    Object {
      "face": 4,
      "id": 14,
      "inverse": 16,
      "next": 12,
      "prev": 13,
      "target": 3,
    },
    Object {
      "face": 5,
      "id": 15,
      "inverse": undefined,
      "next": 16,
      "prev": 17,
      "target": 3,
    },
    Object {
      "face": 5,
      "id": 16,
      "inverse": 14,
      "next": 17,
      "prev": 15,
      "target": 8,
    },
    Object {
      "face": 5,
      "id": 17,
      "inverse": undefined,
      "next": 15,
      "prev": 16,
      "target": 7,
    },
    Object {
      "face": 6,
      "id": 18,
      "inverse": 5,
      "next": 19,
      "prev": 20,
      "target": 6,
    },
    Object {
      "face": 6,
      "id": 19,
      "inverse": 26,
      "next": 20,
      "prev": 18,
      "target": 9,
    },
    Object {
      "face": 6,
      "id": 20,
      "inverse": 11,
      "next": 18,
      "prev": 19,
      "target": 5,
    },
    Object {
      "face": 7,
      "id": 21,
      "inverse": undefined,
      "next": 22,
      "prev": 23,
      "target": 8,
    },
    Object {
      "face": 7,
      "id": 22,
      "inverse": 13,
      "next": 23,
      "prev": 21,
      "target": 9,
    },
    Object {
      "face": 7,
      "id": 23,
      "inverse": 25,
      "next": 21,
      "prev": 22,
      "target": 10,
    },
    Object {
      "face": 8,
      "id": 24,
      "inverse": undefined,
      "next": 25,
      "prev": 26,
      "target": 10,
    },
    Object {
      "face": 8,
      "id": 25,
      "inverse": 23,
      "next": 26,
      "prev": 24,
      "target": 9,
    },
    Object {
      "face": 8,
      "id": 26,
      "inverse": 19,
      "next": 24,
      "prev": 25,
      "target": 6,
    },
    Object {
      "face": 9,
      "id": 27,
      "inverse": undefined,
      "next": 28,
      "prev": 29,
      "target": 15,
    },
    Object {
      "face": 9,
      "id": 28,
      "inverse": 30,
      "next": 29,
      "prev": 27,
      "target": 17,
    },
    Object {
      "face": 9,
      "id": 29,
      "inverse": undefined,
      "next": 27,
      "prev": 28,
      "target": 16,
    },
    Object {
      "face": 10,
      "id": 30,
      "inverse": 28,
      "next": 31,
      "prev": 32,
      "target": 15,
    },
    Object {
      "face": 10,
      "id": 31,
      "inverse": 35,
      "next": 32,
      "prev": 30,
      "target": 18,
    },
    Object {
      "face": 10,
      "id": 32,
      "inverse": 37,
      "next": 30,
      "prev": 31,
      "target": 17,
    },
    Object {
      "face": 11,
      "id": 33,
      "inverse": undefined,
      "next": 34,
      "prev": 35,
      "target": 20,
    },
    Object {
      "face": 11,
      "id": 34,
      "inverse": undefined,
      "next": 35,
      "prev": 33,
      "target": 18,
    },
    Object {
      "face": 11,
      "id": 35,
      "inverse": 31,
      "next": 33,
      "prev": 34,
      "target": 15,
    },
    Object {
      "face": 12,
      "id": 36,
      "inverse": undefined,
      "next": 37,
      "prev": 38,
      "target": 17,
    },
    Object {
      "face": 12,
      "id": 37,
      "inverse": 32,
      "next": 38,
      "prev": 36,
      "target": 18,
    },
    Object {
      "face": 12,
      "id": 38,
      "inverse": undefined,
      "next": 36,
      "prev": 37,
      "target": 19,
    },
    Object {
      "face": 13,
      "id": 39,
      "inverse": undefined,
      "next": 40,
      "prev": 41,
      "target": 19,
    },
    Object {
      "face": 13,
      "id": 40,
      "inverse": undefined,
      "next": 41,
      "prev": 39,
      "target": 22,
    },
    Object {
      "face": 13,
      "id": 41,
      "inverse": 52,
      "next": 39,
      "prev": 40,
      "target": 23,
    },
    Object {
      "face": 14,
      "id": 42,
      "inverse": undefined,
      "next": 43,
      "prev": 44,
      "target": 24,
    },
    Object {
      "face": 14,
      "id": 43,
      "inverse": 47,
      "next": 44,
      "prev": 42,
      "target": 27,
    },
    Object {
      "face": 14,
      "id": 44,
      "inverse": undefined,
      "next": 42,
      "prev": 43,
      "target": 26,
    },
    Object {
      "face": 15,
      "id": 45,
      "inverse": undefined,
      "next": 46,
      "prev": 47,
      "target": 21,
    },
    Object {
      "face": 15,
      "id": 46,
      "inverse": undefined,
      "next": 47,
      "prev": 45,
      "target": 27,
    },
    Object {
      "face": 15,
      "id": 47,
      "inverse": 43,
      "next": 45,
      "prev": 46,
      "target": 24,
    },
    Object {
      "face": 16,
      "id": 48,
      "inverse": undefined,
      "next": 49,
      "prev": 50,
      "target": 23,
    },
    Object {
      "face": 16,
      "id": 49,
      "inverse": 51,
      "next": 50,
      "prev": 48,
      "target": 28,
    },
    Object {
      "face": 16,
      "id": 50,
      "inverse": undefined,
      "next": 48,
      "prev": 49,
      "target": 25,
    },
    Object {
      "face": 17,
      "id": 51,
      "inverse": 49,
      "next": 52,
      "prev": 53,
      "target": 23,
    },
    Object {
      "face": 17,
      "id": 52,
      "inverse": 41,
      "next": 53,
      "prev": 51,
      "target": 22,
    },
    Object {
      "face": 17,
      "id": 53,
      "inverse": 55,
      "next": 51,
      "prev": 52,
      "target": 28,
    },
    Object {
      "face": 18,
      "id": 54,
      "inverse": undefined,
      "next": 55,
      "prev": 56,
      "target": 28,
    },
    Object {
      "face": 18,
      "id": 55,
      "inverse": 53,
      "next": 56,
      "prev": 54,
      "target": 22,
    },
    Object {
      "face": 18,
      "id": 56,
      "inverse": undefined,
      "next": 54,
      "prev": 55,
      "target": 29,
    },
    Object {
      "face": 19,
      "id": 57,
      "inverse": 60,
      "next": 58,
      "prev": 59,
      "target": 36,
    },
    Object {
      "face": 19,
      "id": 58,
      "inverse": 76,
      "next": 59,
      "prev": 57,
      "target": 32,
    },
    Object {
      "face": 19,
      "id": 59,
      "inverse": undefined,
      "next": 57,
      "prev": 58,
      "target": 31,
    },
    Object {
      "face": 20,
      "id": 60,
      "inverse": 57,
      "next": 61,
      "prev": 62,
      "target": 31,
    },
    Object {
      "face": 20,
      "id": 61,
      "inverse": undefined,
      "next": 62,
      "prev": 60,
      "target": 35,
    },
    Object {
      "face": 20,
      "id": 62,
      "inverse": 65,
      "next": 60,
      "prev": 61,
      "target": 36,
    },
    Object {
      "face": 21,
      "id": 63,
      "inverse": 70,
      "next": 64,
      "prev": 65,
      "target": 37,
    },
    Object {
      "face": 21,
      "id": 64,
      "inverse": 98,
      "next": 65,
      "prev": 63,
      "target": 36,
    },
    Object {
      "face": 21,
      "id": 65,
      "inverse": 62,
      "next": 63,
      "prev": 64,
      "target": 35,
    },
    Object {
      "face": 22,
      "id": 66,
      "inverse": undefined,
      "next": 67,
      "prev": 68,
      "target": 33,
    },
    Object {
      "face": 22,
      "id": 67,
      "inverse": 74,
      "next": 68,
      "prev": 66,
      "target": 38,
    },
    Object {
      "face": 22,
      "id": 68,
      "inverse": 71,
      "next": 66,
      "prev": 67,
      "target": 35,
    },
    Object {
      "face": 23,
      "id": 69,
      "inverse": 79,
      "next": 70,
      "prev": 71,
      "target": 37,
    },
    Object {
      "face": 23,
      "id": 70,
      "inverse": 63,
      "next": 71,
      "prev": 69,
      "target": 35,
    },
    Object {
      "face": 23,
      "id": 71,
      "inverse": 68,
      "next": 69,
      "prev": 70,
      "target": 38,
    },
    Object {
      "face": 24,
      "id": 72,
      "inverse": undefined,
      "next": 73,
      "prev": 74,
      "target": 34,
    },
    Object {
      "face": 24,
      "id": 73,
      "inverse": 81,
      "next": 74,
      "prev": 72,
      "target": 38,
    },
    Object {
      "face": 24,
      "id": 74,
      "inverse": 67,
      "next": 72,
      "prev": 73,
      "target": 33,
    },
    Object {
      "face": 25,
      "id": 75,
      "inverse": undefined,
      "next": 76,
      "prev": 77,
      "target": 32,
    },
    Object {
      "face": 25,
      "id": 76,
      "inverse": 58,
      "next": 77,
      "prev": 75,
      "target": 36,
    },
    Object {
      "face": 25,
      "id": 77,
      "inverse": 90,
      "next": 75,
      "prev": 76,
      "target": 39,
    },
    Object {
      "face": 26,
      "id": 78,
      "inverse": 99,
      "next": 79,
      "prev": 80,
      "target": 37,
    },
    Object {
      "face": 26,
      "id": 79,
      "inverse": 69,
      "next": 80,
      "prev": 78,
      "target": 38,
    },
    Object {
      "face": 26,
      "id": 80,
      "inverse": 86,
      "next": 78,
      "prev": 79,
      "target": 40,
    },
    Object {
      "face": 27,
      "id": 81,
      "inverse": 73,
      "next": 82,
      "prev": 83,
      "target": 34,
    },
    Object {
      "face": 27,
      "id": 82,
      "inverse": 87,
      "next": 83,
      "prev": 81,
      "target": 41,
    },
    Object {
      "face": 27,
      "id": 83,
      "inverse": 84,
      "next": 81,
      "prev": 82,
      "target": 38,
    },
    Object {
      "face": 28,
      "id": 84,
      "inverse": 83,
      "next": 85,
      "prev": 86,
      "target": 41,
    },
    Object {
      "face": 28,
      "id": 85,
      "inverse": 102,
      "next": 86,
      "prev": 84,
      "target": 40,
    },
    Object {
      "face": 28,
      "id": 86,
      "inverse": 80,
      "next": 84,
      "prev": 85,
      "target": 38,
    },
    Object {
      "face": 29,
      "id": 87,
      "inverse": 82,
      "next": 88,
      "prev": 89,
      "target": 34,
    },
    Object {
      "face": 29,
      "id": 88,
      "inverse": undefined,
      "next": 89,
      "prev": 87,
      "target": 42,
    },
    Object {
      "face": 29,
      "id": 89,
      "inverse": undefined,
      "next": 87,
      "prev": 88,
      "target": 41,
    },
    Object {
      "face": 30,
      "id": 90,
      "inverse": 77,
      "next": 91,
      "prev": 92,
      "target": 36,
    },
    Object {
      "face": 30,
      "id": 91,
      "inverse": 93,
      "next": 92,
      "prev": 90,
      "target": 43,
    },
    Object {
      "face": 30,
      "id": 92,
      "inverse": 107,
      "next": 90,
      "prev": 91,
      "target": 39,
    },
    Object {
      "face": 31,
      "id": 93,
      "inverse": 91,
      "next": 94,
      "prev": 95,
      "target": 36,
    },
    Object {
      "face": 31,
      "id": 94,
      "inverse": 97,
      "next": 95,
      "prev": 93,
      "target": 45,
    },
    Object {
      "face": 31,
      "id": 95,
      "inverse": 119,
      "next": 93,
      "prev": 94,
      "target": 43,
    },
    Object {
      "face": 32,
      "id": 96,
      "inverse": 108,
      "next": 97,
      "prev": 98,
      "target": 45,
    },
    Object {
      "face": 32,
      "id": 97,
      "inverse": 94,
      "next": 98,
      "prev": 96,
      "target": 36,
    },
    Object {
      "face": 32,
      "id": 98,
      "inverse": 64,
      "next": 96,
      "prev": 97,
      "target": 37,
    },
    Object {
      "face": 33,
      "id": 99,
      "inverse": 78,
      "next": 100,
      "prev": 101,
      "target": 40,
    },
    Object {
      "face": 33,
      "id": 100,
      "inverse": 104,
      "next": 101,
      "prev": 99,
      "target": 47,
    },
    Object {
      "face": 33,
      "id": 101,
      "inverse": 109,
      "next": 99,
      "prev": 100,
      "target": 37,
    },
    Object {
      "face": 34,
      "id": 102,
      "inverse": 85,
      "next": 103,
      "prev": 104,
      "target": 41,
    },
    Object {
      "face": 34,
      "id": 103,
      "inverse": 111,
      "next": 104,
      "prev": 102,
      "target": 47,
    },
    Object {
      "face": 34,
      "id": 104,
      "inverse": 100,
      "next": 102,
      "prev": 103,
      "target": 40,
    },
    Object {
      "face": 35,
      "id": 105,
      "inverse": 114,
      "next": 106,
      "prev": 107,
      "target": 44,
    },
    Object {
      "face": 35,
      "id": 106,
      "inverse": undefined,
      "next": 107,
      "prev": 105,
      "target": 39,
    },
    Object {
      "face": 35,
      "id": 107,
      "inverse": 92,
      "next": 105,
      "prev": 106,
      "target": 43,
    },
    Object {
      "face": 36,
      "id": 108,
      "inverse": 96,
      "next": 109,
      "prev": 110,
      "target": 37,
    },
    Object {
      "face": 36,
      "id": 109,
      "inverse": 101,
      "next": 110,
      "prev": 108,
      "target": 47,
    },
    Object {
      "face": 36,
      "id": 110,
      "inverse": 135,
      "next": 108,
      "prev": 109,
      "target": 45,
    },
    Object {
      "face": 37,
      "id": 111,
      "inverse": 103,
      "next": 112,
      "prev": 113,
      "target": 41,
    },
    Object {
      "face": 37,
      "id": 112,
      "inverse": undefined,
      "next": 113,
      "prev": 111,
      "target": 46,
    },
    Object {
      "face": 37,
      "id": 113,
      "inverse": 132,
      "next": 111,
      "prev": 112,
      "target": 47,
    },
    Object {
      "face": 38,
      "id": 114,
      "inverse": 105,
      "next": 115,
      "prev": 116,
      "target": 43,
    },
    Object {
      "face": 38,
      "id": 115,
      "inverse": 118,
      "next": 116,
      "prev": 114,
      "target": 48,
    },
    Object {
      "face": 38,
      "id": 116,
      "inverse": 120,
      "next": 114,
      "prev": 115,
      "target": 44,
    },
    Object {
      "face": 39,
      "id": 117,
      "inverse": 125,
      "next": 118,
      "prev": 119,
      "target": 48,
    },
    Object {
      "face": 39,
      "id": 118,
      "inverse": 115,
      "next": 119,
      "prev": 117,
      "target": 43,
    },
    Object {
      "face": 39,
      "id": 119,
      "inverse": 95,
      "next": 117,
      "prev": 118,
      "target": 45,
    },
    Object {
      "face": 40,
      "id": 120,
      "inverse": 116,
      "next": 121,
      "prev": 122,
      "target": 48,
    },
    Object {
      "face": 40,
      "id": 121,
      "inverse": 124,
      "next": 122,
      "prev": 120,
      "target": 51,
    },
    Object {
      "face": 40,
      "id": 122,
      "inverse": undefined,
      "next": 120,
      "prev": 121,
      "target": 44,
    },
    Object {
      "face": 41,
      "id": 123,
      "inverse": 127,
      "next": 124,
      "prev": 125,
      "target": 51,
    },
    Object {
      "face": 41,
      "id": 124,
      "inverse": 121,
      "next": 125,
      "prev": 123,
      "target": 48,
    },
    Object {
      "face": 41,
      "id": 125,
      "inverse": 117,
      "next": 123,
      "prev": 124,
      "target": 45,
    },
    Object {
      "face": 42,
      "id": 126,
      "inverse": 144,
      "next": 127,
      "prev": 128,
      "target": 51,
    },
    Object {
      "face": 42,
      "id": 127,
      "inverse": 123,
      "next": 128,
      "prev": 126,
      "target": 45,
    },
    Object {
      "face": 42,
      "id": 128,
      "inverse": 130,
      "next": 126,
      "prev": 127,
      "target": 50,
    },
    Object {
      "face": 43,
      "id": 129,
      "inverse": 156,
      "next": 130,
      "prev": 131,
      "target": 50,
    },
    Object {
      "face": 43,
      "id": 130,
      "inverse": 128,
      "next": 131,
      "prev": 129,
      "target": 45,
    },
    Object {
      "face": 43,
      "id": 131,
      "inverse": 137,
      "next": 129,
      "prev": 130,
      "target": 53,
    },
    Object {
      "face": 44,
      "id": 132,
      "inverse": 113,
      "next": 133,
      "prev": 134,
      "target": 46,
    },
    Object {
      "face": 44,
      "id": 133,
      "inverse": 139,
      "next": 134,
      "prev": 132,
      "target": 53,
    },
    Object {
      "face": 44,
      "id": 134,
      "inverse": 136,
      "next": 132,
      "prev": 133,
      "target": 47,
    },
    Object {
      "face": 45,
      "id": 135,
      "inverse": 110,
      "next": 136,
      "prev": 137,
      "target": 47,
    },
    Object {
      "face": 45,
      "id": 136,
      "inverse": 134,
      "next": 137,
      "prev": 135,
      "target": 53,
    },
    Object {
      "face": 45,
      "id": 137,
      "inverse": 131,
      "next": 135,
      "prev": 136,
      "target": 45,
    },
    Object {
      "face": 46,
      "id": 138,
      "inverse": 148,
      "next": 139,
      "prev": 140,
      "target": 53,
    },
    Object {
      "face": 46,
      "id": 139,
      "inverse": 133,
      "next": 140,
      "prev": 138,
      "target": 46,
    },
    Object {
      "face": 46,
      "id": 140,
      "inverse": 143,
      "next": 138,
      "prev": 139,
      "target": 52,
    },
    Object {
      "face": 47,
      "id": 141,
      "inverse": undefined,
      "next": 142,
      "prev": 143,
      "target": 49,
    },
    Object {
      "face": 47,
      "id": 142,
      "inverse": 150,
      "next": 143,
      "prev": 141,
      "target": 52,
    },
    Object {
      "face": 47,
      "id": 143,
      "inverse": 140,
      "next": 141,
      "prev": 142,
      "target": 46,
    },
    Object {
      "face": 48,
      "id": 144,
      "inverse": 126,
      "next": 145,
      "prev": 146,
      "target": 50,
    },
    Object {
      "face": 48,
      "id": 145,
      "inverse": 165,
      "next": 146,
      "prev": 144,
      "target": 55,
    },
    Object {
      "face": 48,
      "id": 146,
      "inverse": undefined,
      "next": 144,
      "prev": 145,
      "target": 51,
    },
    Object {
      "face": 49,
      "id": 147,
      "inverse": 160,
      "next": 148,
      "prev": 149,
      "target": 53,
    },
    Object {
      "face": 49,
      "id": 148,
      "inverse": 138,
      "next": 149,
      "prev": 147,
      "target": 52,
    },
    Object {
      "face": 49,
      "id": 149,
      "inverse": 154,
      "next": 147,
      "prev": 148,
      "target": 60,
    },
    Object {
      "face": 50,
      "id": 150,
      "inverse": 142,
      "next": 151,
      "prev": 152,
      "target": 49,
    },
    Object {
      "face": 50,
      "id": 151,
      "inverse": undefined,
      "next": 152,
      "prev": 150,
      "target": 56,
    },
    Object {
      "face": 50,
      "id": 152,
      "inverse": 155,
      "next": 150,
      "prev": 151,
      "target": 52,
    },
    Object {
      "face": 51,
      "id": 153,
      "inverse": 162,
      "next": 154,
      "prev": 155,
      "target": 60,
    },
    Object {
      "face": 51,
      "id": 154,
      "inverse": 149,
      "next": 155,
      "prev": 153,
      "target": 52,
    },
    Object {
      "face": 51,
      "id": 155,
      "inverse": 152,
      "next": 153,
      "prev": 154,
      "target": 56,
    },
    Object {
      "face": 52,
      "id": 156,
      "inverse": 129,
      "next": 157,
      "prev": 158,
      "target": 53,
    },
    Object {
      "face": 52,
      "id": 157,
      "inverse": 159,
      "next": 158,
      "prev": 156,
      "target": 57,
    },
    Object {
      "face": 52,
      "id": 158,
      "inverse": 166,
      "next": 156,
      "prev": 157,
      "target": 50,
    },
    Object {
      "face": 53,
      "id": 159,
      "inverse": 157,
      "next": 160,
      "prev": 161,
      "target": 53,
    },
    Object {
      "face": 53,
      "id": 160,
      "inverse": 147,
      "next": 161,
      "prev": 159,
      "target": 60,
    },
    Object {
      "face": 53,
      "id": 161,
      "inverse": 168,
      "next": 159,
      "prev": 160,
      "target": 57,
    },
    Object {
      "face": 54,
      "id": 162,
      "inverse": 153,
      "next": 163,
      "prev": 164,
      "target": 56,
    },
    Object {
      "face": 54,
      "id": 163,
      "inverse": undefined,
      "next": 164,
      "prev": 162,
      "target": 54,
    },
    Object {
      "face": 54,
      "id": 164,
      "inverse": 179,
      "next": 162,
      "prev": 163,
      "target": 60,
    },
    Object {
      "face": 55,
      "id": 165,
      "inverse": 145,
      "next": 166,
      "prev": 167,
      "target": 50,
    },
    Object {
      "face": 55,
      "id": 166,
      "inverse": 158,
      "next": 167,
      "prev": 165,
      "target": 57,
    },
    Object {
      "face": 55,
      "id": 167,
      "inverse": 175,
      "next": 165,
      "prev": 166,
      "target": 55,
    },
    Object {
      "face": 56,
      "id": 168,
      "inverse": 161,
      "next": 169,
      "prev": 170,
      "target": 60,
    },
    Object {
      "face": 56,
      "id": 169,
      "inverse": 178,
      "next": 170,
      "prev": 168,
      "target": 59,
    },
    Object {
      "face": 56,
      "id": 170,
      "inverse": 176,
      "next": 168,
      "prev": 169,
      "target": 57,
    },
    Object {
      "face": 57,
      "id": 171,
      "inverse": 174,
      "next": 172,
      "prev": 173,
      "target": 59,
    },
    Object {
      "face": 57,
      "id": 172,
      "inverse": 180,
      "next": 173,
      "prev": 171,
      "target": 58,
    },
    Object {
      "face": 57,
      "id": 173,
      "inverse": undefined,
      "next": 171,
      "prev": 172,
      "target": 55,
    },
    Object {
      "face": 58,
      "id": 174,
      "inverse": 171,
      "next": 175,
      "prev": 176,
      "target": 55,
    },
    Object {
      "face": 58,
      "id": 175,
      "inverse": 167,
      "next": 176,
      "prev": 174,
      "target": 57,
    },
    Object {
      "face": 58,
      "id": 176,
      "inverse": 170,
      "next": 174,
      "prev": 175,
      "target": 59,
    },
    Object {
      "face": 59,
      "id": 177,
      "inverse": 183,
      "next": 178,
      "prev": 179,
      "target": 59,
    },
    Object {
      "face": 59,
      "id": 178,
      "inverse": 169,
      "next": 179,
      "prev": 177,
      "target": 60,
    },
    Object {
      "face": 59,
      "id": 179,
      "inverse": 164,
      "next": 177,
      "prev": 178,
      "target": 54,
    },
    Object {
      "face": 60,
      "id": 180,
      "inverse": 172,
      "next": 181,
      "prev": 182,
      "target": 59,
    },
    Object {
      "face": 60,
      "id": 181,
      "inverse": 186,
      "next": 182,
      "prev": 180,
      "target": 61,
    },
    Object {
      "face": 60,
      "id": 182,
      "inverse": undefined,
      "next": 180,
      "prev": 181,
      "target": 58,
    },
    Object {
      "face": 61,
      "id": 183,
      "inverse": 177,
      "next": 184,
      "prev": 185,
      "target": 54,
    },
    Object {
      "face": 61,
      "id": 184,
      "inverse": undefined,
      "next": 185,
      "prev": 183,
      "target": 62,
    },
    Object {
      "face": 61,
      "id": 185,
      "inverse": 197,
      "next": 183,
      "prev": 184,
      "target": 59,
    },
    Object {
      "face": 62,
      "id": 186,
      "inverse": 181,
      "next": 187,
      "prev": 188,
      "target": 59,
    },
    Object {
      "face": 62,
      "id": 187,
      "inverse": 196,
      "next": 188,
      "prev": 186,
      "target": 63,
    },
    Object {
      "face": 62,
      "id": 188,
      "inverse": 191,
      "next": 186,
      "prev": 187,
      "target": 61,
    },
    Object {
      "face": 63,
      "id": 189,
      "inverse": 201,
      "next": 190,
      "prev": 191,
      "target": 65,
    },
    Object {
      "face": 63,
      "id": 190,
      "inverse": undefined,
      "next": 191,
      "prev": 189,
      "target": 61,
    },
    Object {
      "face": 63,
      "id": 191,
      "inverse": 188,
      "next": 189,
      "prev": 190,
      "target": 63,
    },
    Object {
      "face": 64,
      "id": 192,
      "inverse": 206,
      "next": 193,
      "prev": 194,
      "target": 63,
    },
    Object {
      "face": 64,
      "id": 193,
      "inverse": 195,
      "next": 194,
      "prev": 192,
      "target": 62,
    },
    Object {
      "face": 64,
      "id": 194,
      "inverse": 200,
      "next": 192,
      "prev": 193,
      "target": 67,
    },
    Object {
      "face": 65,
      "id": 195,
      "inverse": 193,
      "next": 196,
      "prev": 197,
      "target": 63,
    },
    Object {
      "face": 65,
      "id": 196,
      "inverse": 187,
      "next": 197,
      "prev": 195,
      "target": 59,
    },
    Object {
      "face": 65,
      "id": 197,
      "inverse": 185,
      "next": 195,
      "prev": 196,
      "target": 62,
    },
    Object {
      "face": 66,
      "id": 198,
      "inverse": undefined,
      "next": 199,
      "prev": 200,
      "target": 64,
    },
    Object {
      "face": 66,
      "id": 199,
      "inverse": 207,
      "next": 200,
      "prev": 198,
      "target": 67,
    },
    Object {
      "face": 66,
      "id": 200,
      "inverse": 194,
      "next": 198,
      "prev": 199,
      "target": 62,
    },
    Object {
      "face": 67,
      "id": 201,
      "inverse": 189,
      "next": 202,
      "prev": 203,
      "target": 63,
    },
    Object {
      "face": 67,
      "id": 202,
      "inverse": 205,
      "next": 203,
      "prev": 201,
      "target": 68,
    },
    Object {
      "face": 67,
      "id": 203,
      "inverse": undefined,
      "next": 201,
      "prev": 202,
      "target": 65,
    },
    Object {
      "face": 68,
      "id": 204,
      "inverse": undefined,
      "next": 205,
      "prev": 206,
      "target": 68,
    },
    Object {
      "face": 68,
      "id": 205,
      "inverse": 202,
      "next": 206,
      "prev": 204,
      "target": 63,
    },
    Object {
      "face": 68,
      "id": 206,
      "inverse": 192,
      "next": 204,
      "prev": 205,
      "target": 67,
    },
    Object {
      "face": 69,
      "id": 207,
      "inverse": 199,
      "next": 208,
      "prev": 209,
      "target": 64,
    },
    Object {
      "face": 69,
      "id": 208,
      "inverse": 210,
      "next": 209,
      "prev": 207,
      "target": 70,
    },
    Object {
      "face": 69,
      "id": 209,
      "inverse": undefined,
      "next": 207,
      "prev": 208,
      "target": 67,
    },
    Object {
      "face": 70,
      "id": 210,
      "inverse": 208,
      "next": 211,
      "prev": 212,
      "target": 64,
    },
    Object {
      "face": 70,
      "id": 211,
      "inverse": undefined,
      "next": 212,
      "prev": 210,
      "target": 71,
    },
    Object {
      "face": 70,
      "id": 212,
      "inverse": undefined,
      "next": 210,
      "prev": 211,
      "target": 70,
    },
  ],
  "faces": Array [
    Object {
      "edge": 0,
      "id": 0,
    },
    Object {
      "edge": 3,
      "id": 1,
    },
    Object {
      "edge": 6,
      "id": 2,
    },
    Object {
      "edge": 9,
      "id": 3,
    },
    Object {
      "edge": 12,
      "id": 4,
    },
    Object {
      "edge": 15,
      "id": 5,
    },
    Object {
      "edge": 18,
      "id": 6,
    },
    Object {
      "edge": 21,
      "id": 7,
    },
    Object {
      "edge": 24,
      "id": 8,
    },
    Object {
      "edge": 27,
      "id": 9,
    },
    Object {
      "edge": 30,
      "id": 10,
    },
    Object {
      "edge": 33,
      "id": 11,
    },
    Object {
      "edge": 36,
      "id": 12,
    },
    Object {
      "edge": 39,
      "id": 13,
    },
    Object {
      "edge": 42,
      "id": 14,
    },
    Object {
      "edge": 45,
      "id": 15,
    },
    Object {
      "edge": 48,
      "id": 16,
    },
    Object {
      "edge": 51,
      "id": 17,
    },
    Object {
      "edge": 54,
      "id": 18,
    },
    Object {
      "edge": 57,
      "id": 19,
    },
    Object {
      "edge": 60,
      "id": 20,
    },
    Object {
      "edge": 63,
      "id": 21,
    },
    Object {
      "edge": 66,
      "id": 22,
    },
    Object {
      "edge": 69,
      "id": 23,
    },
    Object {
      "edge": 72,
      "id": 24,
    },
    Object {
      "edge": 75,
      "id": 25,
    },
    Object {
      "edge": 78,
      "id": 26,
    },
    Object {
      "edge": 81,
      "id": 27,
    },
    Object {
      "edge": 84,
      "id": 28,
    },
    Object {
      "edge": 87,
      "id": 29,
    },
    Object {
      "edge": 90,
      "id": 30,
    },
    Object {
      "edge": 93,
      "id": 31,
    },
    Object {
      "edge": 96,
      "id": 32,
    },
    Object {
      "edge": 99,
      "id": 33,
    },
    Object {
      "edge": 102,
      "id": 34,
    },
    Object {
      "edge": 105,
      "id": 35,
    },
    Object {
      "edge": 108,
      "id": 36,
    },
    Object {
      "edge": 111,
      "id": 37,
    },
    Object {
      "edge": 114,
      "id": 38,
    },
    Object {
      "edge": 117,
      "id": 39,
    },
    Object {
      "edge": 120,
      "id": 40,
    },
    Object {
      "edge": 123,
      "id": 41,
    },
    Object {
      "edge": 126,
      "id": 42,
    },
    Object {
      "edge": 129,
      "id": 43,
    },
    Object {
      "edge": 132,
      "id": 44,
    },
    Object {
      "edge": 135,
      "id": 45,
    },
    Object {
      "edge": 138,
      "id": 46,
    },
    Object {
      "edge": 141,
      "id": 47,
    },
    Object {
      "edge": 144,
      "id": 48,
    },
    Object {
      "edge": 147,
      "id": 49,
    },
    Object {
      "edge": 150,
      "id": 50,
    },
    Object {
      "edge": 153,
      "id": 51,
    },
    Object {
      "edge": 156,
      "id": 52,
    },
    Object {
      "edge": 159,
      "id": 53,
    },
    Object {
      "edge": 162,
      "id": 54,
    },
    Object {
      "edge": 165,
      "id": 55,
    },
    Object {
      "edge": 168,
      "id": 56,
    },
    Object {
      "edge": 171,
      "id": 57,
    },
    Object {
      "edge": 174,
      "id": 58,
    },
    Object {
      "edge": 177,
      "id": 59,
    },
    Object {
      "edge": 180,
      "id": 60,
    },
    Object {
      "edge": 183,
      "id": 61,
    },
    Object {
      "edge": 186,
      "id": 62,
    },
    Object {
      "edge": 189,
      "id": 63,
    },
    Object {
      "edge": 192,
      "id": 64,
    },
    Object {
      "edge": 195,
      "id": 65,
    },
    Object {
      "edge": 198,
      "id": 66,
    },
    Object {
      "edge": 201,
      "id": 67,
    },
    Object {
      "edge": 204,
      "id": 68,
    },
    Object {
      "edge": 207,
      "id": 69,
    },
    Object {
      "edge": 210,
      "id": 70,
    },
  ],
  "vertices": Array [
    Object {
      "attributes": Object {
        "boundary": true,
      },
      "edge": 1,
      "id": 0,
      "p": Array [
        -20.06145,
        -301.5033,
        107.4102,
      ],
    },
    Object {
      "attributes": Object {
        "boundary": true,
      },
      "edge": 0,
      "id": 1,
      "p": Array [
        -19.87812,
        -301.7766,
        107.7385,
      ],
    },
    Object {
      "attributes": Object {
        "boundary": true,
      },
      "edge": 2,
      "id": 2,
      "p": Array [
        -19.64998,
        -301.6511,
        107.5756,
      ],
    },
    Object {
      "attributes": Object {
        "boundary": true,
      },
      "edge": 8,
      "id": 3,
      "p": Array [
        -19.52846,
        -302.3832,
        107.6959,
      ],
    },
    Object {
      "attributes": Object {
        "boundary": true,
      },
      "edge": 4,
      "id": 4,
      "p": Array [
        -18.99838,
        -302.3419,
        107.6257,
      ],
    },
    Object {
      "attributes": Object {
        "boundary": false,
      },
      "edge": 3,
      "id": 5,
      "p": Array [
        -18.45564,
        -302.4262,
        107.5372,
      ],
    },
    Object {
      "attributes": Object {
        "boundary": true,
      },
      "edge": 5,
      "id": 6,
      "p": Array [
        -18.29505,
        -302.4955,
        107.7116,
      ],
    },
    Object {
      "attributes": Object {
        "boundary": true,
      },
      "edge": 15,
      "id": 7,
      "p": Array [
        -19.33993,
        -302.8016,
        107.6754,
      ],
    },
    Object {
      "attributes": Object {
        "boundary": true,
      },
      "edge": 14,
      "id": 8,
      "p": Array [
        -18.96306,
        -302.7753,
        107.5695,
      ],
    },
    Object {
      "attributes": Object {
        "boundary": false,
      },
      "edge": 7,
      "id": 9,
      "p": Array [
        -18.5668,
        -302.6424,
        107.4552,
      ],
    },
    Object {
      "attributes": Object {
        "boundary": true,
      },
      "edge": 21,
      "id": 10,
      "p": Array [
        -18.56424,
        -302.8596,
        107.6676,
      ],
    },
    Object {
      "attributes": Object {
        "boundary": false,
      },
      "edge": undefined,
      "id": 11,
      "p": Array [
        -23.41312,
        -304.9538,
        107.7269,
      ],
    },
    Object {
      "attributes": Object {
        "boundary": false,
      },
      "edge": undefined,
      "id": 12,
      "p": Array [
        -23.733,
        -305.6378,
        107.6917,
      ],
    },
    Object {
      "attributes": Object {
        "boundary": false,
      },
      "edge": undefined,
      "id": 13,
      "p": Array [
        -22.48478,
        -305.3957,
        107.6798,
      ],
    },
    Object {
      "attributes": Object {
        "boundary": false,
      },
      "edge": undefined,
      "id": 14,
      "p": Array [
        -22.33751,
        -305.5832,
        107.7438,
      ],
    },
    Object {
      "attributes": Object {
        "boundary": true,
      },
      "edge": 28,
      "id": 15,
      "p": Array [
        -18.2355,
        -304.7742,
        107.5723,
      ],
    },
    Object {
      "attributes": Object {
        "boundary": true,
      },
      "edge": 27,
      "id": 16,
      "p": Array [
        -18.61863,
        -304.7247,
        107.7419,
      ],
    },
    Object {
      "attributes": Object {
        "boundary": true,
      },
      "edge": 29,
      "id": 17,
      "p": Array [
        -18.61397,
        -304.9963,
        107.6061,
      ],
    },
    Object {
      "attributes": Object {
        "boundary": true,
      },
      "edge": 32,
      "id": 18,
      "p": Array [
        -18.33511,
        -305.1866,
        107.5966,
      ],
    },
    Object {
      "attributes": Object {
        "boundary": true,
      },
      "edge": 36,
      "id": 19,
      "p": Array [
        -18.59071,
        -305.4381,
        107.7289,
      ],
    },
    Object {
      "attributes": Object {
        "boundary": true,
      },
      "edge": 34,
      "id": 20,
      "p": Array [
        -18.08405,
        -304.9866,
        107.7483,
      ],
    },
    Object {
      "attributes": Object {
        "boundary": true,
      },
      "edge": 46,
      "id": 21,
      "p": Array [
        -21.70459,
        -306.7019,
        107.6875,
      ],
    },
    Object {
      "attributes": Object {
        "boundary": true,
      },
      "edge": 41,
      "id": 22,
      "p": Array [
        -18.37235,
        -305.7494,
        107.5651,
      ],
    },
    Object {
      "attributes": Object {
        "boundary": true,
      },
      "edge": 39,
      "id": 23,
      "p": Array [
        -18.66739,
        -305.6412,
        107.6331,
      ],
    },
    Object {
      "attributes": Object {
        "boundary": true,
      },
      "edge": 43,
      "id": 24,
      "p": Array [
        -22.11425,
        -306.645,
        107.722,
      ],
    },
    Object {
      "attributes": Object {
        "boundary": true,
      },
      "edge": 48,
      "id": 25,
      "p": Array [
        -18.81029,
        -306.4738,
        107.5788,
      ],
    },
    Object {
      "attributes": Object {
        "boundary": true,
      },
      "edge": 42,
      "id": 26,
      "p": Array [
        -22.10112,
        -306.9336,
        107.7118,
      ],
    },
    Object {
      "attributes": Object {
        "boundary": true,
      },
      "edge": 44,
      "id": 27,
      "p": Array [
        -21.84192,
        -306.8357,
        107.5388,
      ],
    },
    Object {
      "attributes": Object {
        "boundary": true,
      },
      "edge": 50,
      "id": 28,
      "p": Array [
        -18.46808,
        -306.1833,
        107.4703,
      ],
    },
    Object {
      "attributes": Object {
        "boundary": true,
      },
      "edge": 54,
      "id": 29,
      "p": Array [
        -18.16206,
        -306.1879,
        107.5233,
      ],
    },
    Object {
      "attributes": Object {
        "boundary": false,
      },
      "edge": undefined,
      "id": 30,
      "p": Array [
        -23.17579,
        -307.5666,
        107.6793,
      ],
    },
    Object {
      "attributes": Object {
        "boundary": true,
      },
      "edge": 57,
      "id": 31,
      "p": Array [
        -23.38466,
        -308.4229,
        107.667,
      ],
    },
    Object {
      "attributes": Object {
        "boundary": true,
      },
      "edge": 59,
      "id": 32,
      "p": Array [
        -23.64511,
        -308.568,
        107.6906,
      ],
    },
    Object {
      "attributes": Object {
        "boundary": true,
      },
      "edge": 67,
      "id": 33,
      "p": Array [
        -21.71572,
        -308.5911,
        107.6888,
      ],
    },
    Object {
      "attributes": Object {
        "boundary": true,
      },
      "edge": 73,
      "id": 34,
      "p": Array [
        -21.55886,
        -308.9018,
        107.5922,
      ],
    },
    Object {
      "attributes": Object {
        "boundary": true,
      },
      "edge": 62,
      "id": 35,
      "p": Array [
        -22.57956,
        -308.6053,
        107.562,
      ],
    },
    Object {
      "attributes": Object {
        "boundary": false,
      },
      "edge": 58,
      "id": 36,
      "p": Array [
        -22.9475,
        -308.9085,
        107.5073,
      ],
    },
    Object {
      "attributes": Object {
        "boundary": false,
      },
      "edge": 64,
      "id": 37,
      "p": Array [
        -22.4844,
        -309.1028,
        107.5584,
      ],
    },
    Object {
      "attributes": Object {
        "boundary": false,
      },
      "edge": 68,
      "id": 38,
      "p": Array [
        -21.92677,
        -308.9722,
        107.6574,
      ],
    },
    Object {
      "attributes": Object {
        "boundary": true,
      },
      "edge": 75,
      "id": 39,
      "p": Array [
        -23.50346,
        -309.5736,
        107.6632,
      ],
    },
    Object {
      "attributes": Object {
        "boundary": false,
      },
      "edge": 78,
      "id": 40,
      "p": Array [
        -22.15418,
        -309.2999,
        107.5305,
      ],
    },
    Object {
      "attributes": Object {
        "boundary": true,
      },
      "edge": 83,
      "id": 41,
      "p": Array [
        -21.73598,
        -309.3085,
        107.6865,
      ],
    },
    Object {
      "attributes": Object {
        "boundary": true,
      },
      "edge": 89,
      "id": 42,
      "p": Array [
        -21.40649,
        -309.0595,
        107.7266,
      ],
    },
    Object {
      "attributes": Object {
        "boundary": false,
      },
      "edge": 92,
      "id": 43,
      "p": Array [
        -23.10824,
        -309.3931,
        107.5181,
      ],
    },
    Object {
      "attributes": Object {
        "boundary": true,
      },
      "edge": 106,
      "id": 44,
      "p": Array [
        -23.75085,
        -310.1497,
        107.7151,
      ],
    },
    Object {
      "attributes": Object {
        "boundary": false,
      },
      "edge": 95,
      "id": 45,
      "p": Array [
        -22.70528,
        -309.7769,
        107.4795,
      ],
    },
    Object {
      "attributes": Object {
        "boundary": true,
      },
      "edge": 113,
      "id": 46,
      "p": Array [
        -21.77079,
        -309.7588,
        107.5304,
      ],
    },
    Object {
      "attributes": Object {
        "boundary": false,
      },
      "edge": 101,
      "id": 47,
      "p": Array [
        -22.32691,
        -309.7278,
        107.5688,
      ],
    },
    Object {
      "attributes": Object {
        "boundary": false,
      },
      "edge": 116,
      "id": 48,
      "p": Array [
        -23.08648,
        -310.0202,
        107.5497,
      ],
    },
    Object {
      "attributes": Object {
        "boundary": true,
      },
      "edge": 142,
      "id": 49,
      "p": Array [
        -21.33407,
        -310.0416,
        107.6961,
      ],
    },
    Object {
      "attributes": Object {
        "boundary": false,
      },
      "edge": 126,
      "id": 50,
      "p": Array [
        -22.92031,
        -310.7228,
        107.5577,
      ],
    },
    Object {
      "attributes": Object {
        "boundary": true,
      },
      "edge": 122,
      "id": 51,
      "p": Array [
        -23.37333,
        -310.4771,
        107.7121,
      ],
    },
    Object {
      "attributes": Object {
        "boundary": false,
      },
      "edge": 138,
      "id": 52,
      "p": Array [
        -21.77134,
        -310.19,
        107.5216,
      ],
    },
    Object {
      "attributes": Object {
        "boundary": false,
      },
      "edge": 129,
      "id": 53,
      "p": Array [
        -22.46815,
        -310.3087,
        107.5531,
      ],
    },
    Object {
      "attributes": Object {
        "boundary": true,
      },
      "edge": 164,
      "id": 54,
      "p": Array [
        -21.68603,
        -310.9463,
        107.7246,
      ],
    },
    Object {
      "attributes": Object {
        "boundary": true,
      },
      "edge": 146,
      "id": 55,
      "p": Array [
        -23.30143,
        -310.8515,
        107.6351,
      ],
    },
    Object {
      "attributes": Object {
        "boundary": true,
      },
      "edge": 152,
      "id": 56,
      "p": Array [
        -21.50583,
        -310.4327,
        107.6641,
      ],
    },
    Object {
      "attributes": Object {
        "boundary": false,
      },
      "edge": 158,
      "id": 57,
      "p": Array [
        -22.6717,
        -310.8226,
        107.5072,
      ],
    },
    Object {
      "attributes": Object {
        "boundary": true,
      },
      "edge": 173,
      "id": 58,
      "p": Array [
        -23.3157,
        -311.209,
        107.6803,
      ],
    },
    Object {
      "attributes": Object {
        "boundary": false,
      },
      "edge": 170,
      "id": 59,
      "p": Array [
        -22.55308,
        -311.33,
        107.6484,
      ],
    },
    Object {
      "attributes": Object {
        "boundary": false,
      },
      "edge": 147,
      "id": 60,
      "p": Array [
        -22.13051,
        -310.4781,
        107.639,
      ],
    },
    Object {
      "attributes": Object {
        "boundary": true,
      },
      "edge": 182,
      "id": 61,
      "p": Array [
        -22.97901,
        -311.5553,
        107.6225,
      ],
    },
    Object {
      "attributes": Object {
        "boundary": true,
      },
      "edge": 185,
      "id": 62,
      "p": Array [
        -22.36991,
        -311.5438,
        107.6351,
      ],
    },
    Object {
      "attributes": Object {
        "boundary": false,
      },
      "edge": 188,
      "id": 63,
      "p": Array [
        -22.73971,
        -311.8039,
        107.6383,
      ],
    },
    Object {
      "attributes": Object {
        "boundary": true,
      },
      "edge": 199,
      "id": 64,
      "p": Array [
        -22.00361,
        -312.4008,
        107.6966,
      ],
    },
    Object {
      "attributes": Object {
        "boundary": true,
      },
      "edge": 190,
      "id": 65,
      "p": Array [
        -23.4891,
        -312.2336,
        107.6915,
      ],
    },
    Object {
      "attributes": Object {
        "boundary": false,
      },
      "edge": undefined,
      "id": 66,
      "p": Array [
        -24.0158,
        -312.5927,
        107.7136,
      ],
    },
    Object {
      "attributes": Object {
        "boundary": true,
      },
      "edge": 192,
      "id": 67,
      "p": Array [
        -22.45631,
        -312.152,
        107.6031,
      ],
    },
    Object {
      "attributes": Object {
        "boundary": true,
      },
      "edge": 203,
      "id": 68,
      "p": Array [
        -23.03733,
        -312.4767,
        107.6988,
      ],
    },
    Object {
      "attributes": Object {
        "boundary": false,
      },
      "edge": undefined,
      "id": 69,
      "p": Array [
        -22.79812,
        -313.0552,
        107.6886,
      ],
    },
    Object {
      "attributes": Object {
        "boundary": true,
      },
      "edge": 209,
      "id": 70,
      "p": Array [
        -22.45512,
        -312.97,
        107.7332,
      ],
    },
    Object {
      "attributes": Object {
        "boundary": true,
      },
      "edge": 212,
      "id": 71,
      "p": Array [
        -22.03425,
        -312.9892,
        107.6969,
      ],
    },
    Object {
      "attributes": Object {
        "boundary": false,
      },
      "edge": undefined,
      "id": 72,
      "p": Array [
        -21.1188,
        -312.8859,
        107.655,
      ],
    },
    Object {
      "attributes": Object {
        "boundary": false,
      },
      "edge": undefined,
      "id": 73,
      "p": Array [
        -22.06813,
        -313.6898,
        107.7423,
      ],
    },
    Object {
      "attributes": Object {
        "boundary": false,
      },
      "edge": undefined,
      "id": 74,
      "p": Array [
        -19.66316,
        -313.3426,
        107.6689,
      ],
    },
    Object {
      "attributes": Object {
        "boundary": false,
      },
      "edge": undefined,
      "id": 75,
      "p": Array [
        -19.45924,
        -313.6256,
        107.7297,
      ],
    },
  ],
}
`;
